###############################################################################
#
# IAR ELF Linker V9.20.2.320/W64 for ARM                  18/Dec/2021  23:36:31
# Copyright 2007-2021 IAR Systems AB.
#
#    Output file  =  D:\Embedded_non-stop\Graduation Project\Debug\Exe\gp.out
#    Map file     =  D:\Embedded_non-stop\Graduation Project\Debug\List\gp.map
#    Command line =
#        -f "D:\Embedded_non-stop\Graduation Project\Debug\Exe\gp.out.rsp"
#        ("D:\Embedded_non-stop\Graduation Project\Debug\Obj\Det.o"
#        "D:\Embedded_non-stop\Graduation Project\Debug\Obj\Dio.o"
#        "D:\Embedded_non-stop\Graduation Project\Debug\Obj\Dio_PBcfg.o"
#        "D:\Embedded_non-stop\Graduation Project\Debug\Obj\keypad.o"
#        "D:\Embedded_non-stop\Graduation Project\Debug\Obj\lcd.o"
#        "D:\Embedded_non-stop\Graduation Project\Debug\Obj\main.o"
#        "D:\Embedded_non-stop\Graduation Project\Debug\Obj\Port.o"
#        "D:\Embedded_non-stop\Graduation Project\Debug\Obj\Port_PBcfg.o"
#        --no_out_extension -o "D:\Embedded_non-stop\Graduation
#        Project\Debug\Exe\gp.out" --redirect _Printf=_PrintfFullNoMb
#        --redirect _Scanf=_ScanfFullNoMb --map
#        "D:\Embedded_non-stop\Graduation Project\Debug\List\gp.map" --config
#        "C:\Program Files\IAR Systems\Embedded Workbench
#        9.0\arm\config\linker\TexasInstruments\TM4C123GH6.icf" --semihosting
#        --entry __iar_program_start --vfe --text_out locale)
#
###############################################################################

*******************************************************************************
*** RUNTIME MODEL ATTRIBUTES
***

CppFlavor       = *
__CPP_Runtime   = 1
__SystemLibrary = DLib
__dlib_version  = 6


*******************************************************************************
*** HEAP SELECTION
***

The basic heap was selected because some modules are built with
size limitations (and not runtime checking), and --advanced_heap
was not specified.


*******************************************************************************
*** PLACEMENT SUMMARY
***

"A0":  place at address 0x0 { ro section .intvec };
"P1":  place in [from 0x0 to 0x3'ffff] { ro };
define block CSTACK with size = 4K, alignment = 8 { };
define block HEAP with size = 8K, alignment = 8 { };
"P2":  place in [from 0x2000'0000 to 0x2000'7fff] {
          rw, block CSTACK, block HEAP };

  Section          Kind         Address    Size  Object
  -------          ----         -------    ----  ------
"A0":                                      0x40
  .intvec          ro code          0x0    0x40  vector_table_M.o [4]
                                 - 0x40    0x40

"P1":                                     0xaf8
  .text            ro code         0x40   0x3a4  Port.o [1]
  .text            ro code        0x3e4     0x2  Det.o [1]
  .text            ro code        0x3e6     0x2  vectortrap_M.o [4]
  .text            ro code        0x3e8   0x240  Dio.o [1]
  .text            ro code        0x628   0x18a  lcd.o [1]
  .rodata          const          0x7b4   0x158  Port_PBcfg.o [1]
  .text            ro code        0x90c    0xc4  keypad.o [1]
  .text            ro code        0x9d0    0x54  main.o [1]
  .text            ro code        0xa24    0x38  zero_init3.o [4]
  .text            ro code        0xa5c    0x28  data_init.o [4]
  .text            ro code        0xa84    0x22  fpinit_M.o [3]
  .iar.init_table  const          0xaa8    0x10  - Linker created -
  .text            ro code        0xab8    0x1e  cmain.o [4]
  .text            ro code        0xad6     0x4  low_level_init.o [2]
  .text            ro code        0xada     0x4  exit.o [2]
  .text            ro code        0xae0     0xa  cexit.o [4]
  .text            ro code        0xaec    0x14  exit.o [5]
  .rodata          const          0xb00    0x1c  Dio_PBcfg.o [1]
  .text            ro code        0xb1c    0x1c  cstartup_M.o [4]
  .rodata          const          0xb38     0x0  zero_init3.o [4]
                                - 0xb38   0xaf8

"P2", part 1 of 2:                         0x10
  .bss             zero     0x2000'0000     0x4  Dio.o [1]
  .bss             zero     0x2000'0004     0x4  Dio.o [1]
  .bss             zero     0x2000'0008     0x4  Port.o [1]
  .bss             zero     0x2000'000c     0x1  Dio.o [1]
  .bss             zero     0x2000'000d     0x1  Port.o [1]
                          - 0x2000'000e     0xe

"P2", part 2 of 2:                       0x1000
  CSTACK                    0x2000'0010  0x1000  <Block>
    CSTACK         uninit   0x2000'0010  0x1000  <Block tail>
                          - 0x2000'1010  0x1000

Unused ranges:

         From           To      Size
         ----           --      ----
        0xb38     0x3'ffff  0x3'f4c8
  0x2000'1010  0x2000'7fff    0x6ff0


*******************************************************************************
*** INIT TABLE
***

          Address      Size
          -------      ----
Zero (__iar_zero_init3)
    1 destination range, total size 0xe:
          0x2000'0000   0xe



*******************************************************************************
*** MODULE SUMMARY
***

    Module            ro code  ro data  rw data
    ------            -------  -------  -------
command line/config:
    -------------------------------------------
    Total:

D:\Embedded_non-stop\Graduation Project\Debug\Obj: [1]
    Det.o                   2
    Dio.o                 576                 9
    Dio_PBcfg.o                     28
    Port.o                932                 5
    Port_PBcfg.o                   344
    keypad.o              196
    lcd.o                 394
    main.o                 84
    -------------------------------------------
    Total:              2'184      372       14

dl7M_tln.a: [2]
    exit.o                  4
    low_level_init.o        4
    -------------------------------------------
    Total:                  8

m7M_tls.a: [3]
    fpinit_M.o             34
    -------------------------------------------
    Total:                 34

rt7M_tl.a: [4]
    cexit.o                10
    cmain.o                30
    cstartup_M.o           28
    data_init.o            40
    vector_table_M.o       64
    vectortrap_M.o          2
    zero_init3.o           56
    -------------------------------------------
    Total:                230

shb_l.a: [5]
    exit.o                 20
    -------------------------------------------
    Total:                 20

    Gaps                    4        4
    Linker created                  16    4'096
-----------------------------------------------
    Grand Total:        2'480      392    4'110


*******************************************************************************
*** ENTRY LIST
***

Entry                       Address   Size  Type      Object
-----                       -------   ----  ----      ------
.iar.init_table$$Base         0xaa8          --   Gb  - Linker created -
.iar.init_table$$Limit        0xab8          --   Gb  - Linker created -
?main                         0xab9         Code  Gb  cmain.o [4]
BusFault_Handler              0x3e7         Code  Wk  vectortrap_M.o [4]
CSTACK$$Base            0x2000'0010          --   Gb  - Linker created -
CSTACK$$Limit           0x2000'1010          --   Gb  - Linker created -
DebugMon_Handler              0x3e7         Code  Wk  vectortrap_M.o [4]
Delay_Ms                      0x629   0x38  Code  Gb  lcd.o [1]
Det_ReportError               0x3e5    0x2  Code  Gb  Det.o [1]
Dio_Configuration             0xb00   0x1c  Data  Gb  Dio_PBcfg.o [1]
Dio_GroupChannels       0x2000'0004    0x4  Data  Lc  Dio.o [1]
Dio_Init                      0x3e9   0x2c  Code  Gb  Dio.o [1]
Dio_PortChannels        0x2000'0000    0x4  Data  Lc  Dio.o [1]
Dio_ReadChannel               0x4d7   0x94  Code  Gb  Dio.o [1]
Dio_Status              0x2000'000c    0x1  Data  Lc  Dio.o [1]
Dio_WriteChannel              0x415   0xc2  Code  Gb  Dio.o [1]
Dio_WriteChannelGroup         0x56b   0x9a  Code  Gb  Dio.o [1]
HardFault_Handler             0x3e7         Code  Wk  vectortrap_M.o [4]
KEYPAD_4x4_adjustSwitchNumber
                              0x969   0x68  Code  Lc  keypad.o [1]
KEYPAD_getPressedKey          0x90d   0x5c  Code  Gb  keypad.o [1]
LCD_displayCharacter          0x6fb   0x7e  Code  Gb  lcd.o [1]
LCD_init                      0x661   0x1c  Code  Gb  lcd.o [1]
LCD_moveCursor                0x77d   0x36  Code  Gb  lcd.o [1]
LCD_sendCommand               0x67d   0x7e  Code  Gb  lcd.o [1]
MemManage_Handler             0x3e7         Code  Wk  vectortrap_M.o [4]
NMI_Handler                   0x3e7         Code  Wk  vectortrap_M.o [4]
PendSV_Handler                0x3e7         Code  Wk  vectortrap_M.o [4]
Port_Configuration            0x7b4  0x158  Data  Gb  Port_PBcfg.o [1]
Port_Init                      0x41  0x380  Code  Gb  Port.o [1]
Port_PinsPtr            0x2000'0008    0x4  Data  Lc  Port.o [1]
Port_Status             0x2000'000d    0x1  Data  Lc  Port.o [1]
Region$$Table$$Base           0xaa8          --   Gb  - Linker created -
Region$$Table$$Limit          0xab8          --   Gb  - Linker created -
SVC_Handler                   0x3e7         Code  Wk  vectortrap_M.o [4]
SysTick_Handler               0x3e7         Code  Wk  vectortrap_M.o [4]
UsageFault_Handler            0x3e7         Code  Wk  vectortrap_M.o [4]
__cmain                       0xab9         Code  Gb  cmain.o [4]
__exit                        0xaed   0x14  Code  Gb  exit.o [5]
__iar_data_init3              0xa5d   0x28  Code  Gb  data_init.o [4]
__iar_init_vfp                0xa85         Code  Gb  fpinit_M.o [3]
__iar_program_start           0xb1d         Code  Gb  cstartup_M.o [4]
__iar_zero_init3              0xa25   0x38  Code  Gb  zero_init3.o [4]
__low_level_init              0xad7    0x4  Code  Gb  low_level_init.o [2]
__vector_table                  0x0         Data  Gb  vector_table_M.o [4]
_call_main                    0xac5         Code  Gb  cmain.o [4]
_exit                         0xae1         Code  Gb  cexit.o [4]
exit                          0xadb    0x4  Code  Gb  exit.o [2]
main                          0x9d1   0x54  Code  Gb  main.o [1]


[1] = D:\Embedded_non-stop\Graduation Project\Debug\Obj
[2] = dl7M_tln.a
[3] = m7M_tls.a
[4] = rt7M_tl.a
[5] = shb_l.a

  2'480 bytes of readonly  code memory
    392 bytes of readonly  data memory
  4'110 bytes of readwrite data memory

Errors: none
Warnings: none
