###############################################################################
#
# IAR ELF Linker V9.20.2.320/W64 for ARM                  17/Dec/2021  23:12:10
# Copyright 2007-2021 IAR Systems AB.
#
#    Output file  =  D:\Embedded_non-stop\Graduation Project\Debug\Exe\gp.out
#    Map file     =  D:\Embedded_non-stop\Graduation Project\Debug\List\gp.map
#    Command line =
#        -f "D:\Embedded_non-stop\Graduation Project\Debug\Exe\gp.out.rsp"
#        ("D:\Embedded_non-stop\Graduation Project\Debug\Obj\Det.o"
#        "D:\Embedded_non-stop\Graduation Project\Debug\Obj\Dio.o"
#        "D:\Embedded_non-stop\Graduation Project\Debug\Obj\Dio_PBcfg.o"
#        "D:\Embedded_non-stop\Graduation Project\Debug\Obj\lcd.o"
#        "D:\Embedded_non-stop\Graduation Project\Debug\Obj\main.o"
#        "D:\Embedded_non-stop\Graduation Project\Debug\Obj\Port.o"
#        "D:\Embedded_non-stop\Graduation Project\Debug\Obj\Port_PBcfg.o"
#        --no_out_extension -o "D:\Embedded_non-stop\Graduation
#        Project\Debug\Exe\gp.out" --redirect _Printf=_PrintfFullNoMb
#        --redirect _Scanf=_ScanfFullNoMb --map
#        "D:\Embedded_non-stop\Graduation Project\Debug\List\gp.map" --config
#        "C:\Program Files\IAR Systems\Embedded Workbench
#        9.0\arm\config\linker\TexasInstruments\TM4C123GH6.icf" --semihosting
#        --entry __iar_program_start --vfe --text_out locale)
#
###############################################################################

*******************************************************************************
*** RUNTIME MODEL ATTRIBUTES
***

CppFlavor       = *
__CPP_Runtime   = 1
__SystemLibrary = DLib
__dlib_version  = 6


*******************************************************************************
*** HEAP SELECTION
***

The basic heap was selected because some modules are built with
size limitations (and not runtime checking), and --advanced_heap
was not specified.


*******************************************************************************
*** PLACEMENT SUMMARY
***

"A0":  place at address 0x0 { ro section .intvec };
"P1":  place in [from 0x0 to 0x3'ffff] { ro };
define block CSTACK with size = 4K, alignment = 8 { };
define block HEAP with size = 8K, alignment = 8 { };
"P2":  place in [from 0x2000'0000 to 0x2000'7fff] {
          rw, block CSTACK, block HEAP };

  Section          Kind         Address    Size  Object
  -------          ----         -------    ----  ------
"A0":                                      0x40
  .intvec          ro code          0x0    0x40  vector_table_M.o [4]
                                 - 0x40    0x40

"P1":                                     0x898
  .text            ro code         0x40   0x3a4  Port.o [1]
  .text            ro code        0x3e4     0x2  Det.o [1]
  .text            ro code        0x3e6     0x2  vectortrap_M.o [4]
  .rodata          const          0x3e8   0x158  Port_PBcfg.o [1]
  .text            ro code        0x540   0x144  Dio.o [1]
  .text            ro code        0x684   0x106  lcd.o [1]
  .text            ro code        0x78c    0x4c  main.o [1]
  .text            ro code        0x7d8    0x38  zero_init3.o [4]
  .text            ro code        0x810    0x28  data_init.o [4]
  .text            ro code        0x838    0x22  fpinit_M.o [3]
  .iar.init_table  const          0x85c    0x10  - Linker created -
  .text            ro code        0x86c    0x1e  cmain.o [4]
  .text            ro code        0x88a     0x4  low_level_init.o [2]
  .text            ro code        0x88e     0x4  exit.o [2]
  .text            ro code        0x894     0xa  cexit.o [4]
  .text            ro code        0x8a0    0x14  exit.o [5]
  .text            ro code        0x8b4    0x1c  cstartup_M.o [4]
  .rodata          const          0x8d0     0x8  Dio_PBcfg.o [1]
  .rodata          const          0x8d8     0x0  zero_init3.o [4]
                                - 0x8d8   0x898

"P2", part 1 of 2:                          0xc
  .bss             zero     0x2000'0000     0x4  Dio.o [1]
  .bss             zero     0x2000'0004     0x4  Port.o [1]
  .bss             zero     0x2000'0008     0x1  Dio.o [1]
  .bss             zero     0x2000'0009     0x1  Port.o [1]
                          - 0x2000'000a     0xa

"P2", part 2 of 2:                       0x1000
  CSTACK                    0x2000'0010  0x1000  <Block>
    CSTACK         uninit   0x2000'0010  0x1000  <Block tail>
                          - 0x2000'1010  0x1000

Unused ranges:

         From           To      Size
         ----           --      ----
        0x8d8     0x3'ffff  0x3'f728
  0x2000'000c  0x2000'000f       0x4
  0x2000'1010  0x2000'7fff    0x6ff0


*******************************************************************************
*** INIT TABLE
***

          Address      Size
          -------      ----
Zero (__iar_zero_init3)
    1 destination range, total size 0xa:
          0x2000'0000   0xa



*******************************************************************************
*** MODULE SUMMARY
***

    Module            ro code  ro data  rw data
    ------            -------  -------  -------
command line/config:
    -------------------------------------------
    Total:

D:\Embedded_non-stop\Graduation Project\Debug\Obj: [1]
    Det.o                   2
    Dio.o                 324                 5
    Dio_PBcfg.o                      8
    Port.o                932                 5
    Port_PBcfg.o                   344
    lcd.o                 262
    main.o                 76
    -------------------------------------------
    Total:              1'596      352       10

dl7M_tln.a: [2]
    exit.o                  4
    low_level_init.o        4
    -------------------------------------------
    Total:                  8

m7M_tls.a: [3]
    fpinit_M.o             34
    -------------------------------------------
    Total:                 34

rt7M_tl.a: [4]
    cexit.o                10
    cmain.o                30
    cstartup_M.o           28
    data_init.o            40
    vector_table_M.o       64
    vectortrap_M.o          2
    zero_init3.o           56
    -------------------------------------------
    Total:                230

shb_l.a: [5]
    exit.o                 20
    -------------------------------------------
    Total:                 20

    Gaps                    6        2
    Linker created                  16    4'096
-----------------------------------------------
    Grand Total:        1'894      370    4'106


*******************************************************************************
*** ENTRY LIST
***

Entry                       Address   Size  Type      Object
-----                       -------   ----  ----      ------
.iar.init_table$$Base         0x85c          --   Gb  - Linker created -
.iar.init_table$$Limit        0x86c          --   Gb  - Linker created -
?main                         0x86d         Code  Gb  cmain.o [4]
BusFault_Handler              0x3e7         Code  Wk  vectortrap_M.o [4]
CSTACK$$Base            0x2000'0010          --   Gb  - Linker created -
CSTACK$$Limit           0x2000'1010          --   Gb  - Linker created -
DebugMon_Handler              0x3e7         Code  Wk  vectortrap_M.o [4]
Delay_Ms                      0x685   0x38  Code  Gb  lcd.o [1]
Det_ReportError               0x3e5    0x2  Code  Gb  Det.o [1]
Dio_Configuration             0x8d0    0x8  Data  Gb  Dio_PBcfg.o [1]
Dio_Init                      0x541   0x20  Code  Gb  Dio.o [1]
Dio_PortChannels        0x2000'0000    0x4  Data  Lc  Dio.o [1]
Dio_Status              0x2000'0008    0x1  Data  Lc  Dio.o [1]
Dio_WriteChannel              0x561   0xb2  Code  Gb  Dio.o [1]
Dio_WritePort                 0x613   0x52  Code  Gb  Dio.o [1]
HardFault_Handler             0x3e7         Code  Wk  vectortrap_M.o [4]
LCD_displayCharacter          0x717   0x3e  Code  Gb  lcd.o [1]
LCD_init                      0x6bd   0x1c  Code  Gb  lcd.o [1]
LCD_moveCursor                0x755   0x36  Code  Gb  lcd.o [1]
LCD_sendCommand               0x6d9   0x3e  Code  Gb  lcd.o [1]
MemManage_Handler             0x3e7         Code  Wk  vectortrap_M.o [4]
NMI_Handler                   0x3e7         Code  Wk  vectortrap_M.o [4]
PendSV_Handler                0x3e7         Code  Wk  vectortrap_M.o [4]
Port_Configuration            0x3e8  0x158  Data  Gb  Port_PBcfg.o [1]
Port_Init                      0x41  0x380  Code  Gb  Port.o [1]
Port_PinsPtr            0x2000'0004    0x4  Data  Lc  Port.o [1]
Port_Status             0x2000'0009    0x1  Data  Lc  Port.o [1]
Region$$Table$$Base           0x85c          --   Gb  - Linker created -
Region$$Table$$Limit          0x86c          --   Gb  - Linker created -
SVC_Handler                   0x3e7         Code  Wk  vectortrap_M.o [4]
SysTick_Handler               0x3e7         Code  Wk  vectortrap_M.o [4]
UsageFault_Handler            0x3e7         Code  Wk  vectortrap_M.o [4]
__cmain                       0x86d         Code  Gb  cmain.o [4]
__exit                        0x8a1   0x14  Code  Gb  exit.o [5]
__iar_data_init3              0x811   0x28  Code  Gb  data_init.o [4]
__iar_init_vfp                0x839         Code  Gb  fpinit_M.o [3]
__iar_program_start           0x8b5         Code  Gb  cstartup_M.o [4]
__iar_zero_init3              0x7d9   0x38  Code  Gb  zero_init3.o [4]
__low_level_init              0x88b    0x4  Code  Gb  low_level_init.o [2]
__vector_table                  0x0         Data  Gb  vector_table_M.o [4]
_call_main                    0x879         Code  Gb  cmain.o [4]
_exit                         0x895         Code  Gb  cexit.o [4]
exit                          0x88f    0x4  Code  Gb  exit.o [2]
main                          0x78d   0x4c  Code  Gb  main.o [1]


[1] = D:\Embedded_non-stop\Graduation Project\Debug\Obj
[2] = dl7M_tln.a
[3] = m7M_tls.a
[4] = rt7M_tl.a
[5] = shb_l.a

  1'894 bytes of readonly  code memory
    370 bytes of readonly  data memory
  4'106 bytes of readwrite data memory

Errors: none
Warnings: none
